Microsoft (R) Macro Assembler Version 5.00                  12/3/18 19:34:11
                                                             Page     1-1


       1				assume cs:code,ds:data;,ss:stack 
       2 0000				data segment 
       3				;STR1            DB 'FJDKLSAJFDKA;FJDKS
					A;FJ' 
       4				;STR2            DB 'DKDKKDKDKDKDKDKDKD
					KDKD' 
       5				;STR1  		DB 'FJDKLSAJA;FJ' 
       6 0000  32 30 31 36 31 30 33	STR1		DB '201610320057' 
       7       32 30 30 35 37		
       8 000C  44 4B 44 4B 4B 44 4B	STR2  		DB 'DKDKKDKDKDKD' 
       9       44 4B 44 4B 44		
      10 0018  0C			COUNT 	DB STR2-STR1 
      11 0019				data ends 
      12 0000				code segment 
      13 0000  B8 ---- R		START:  	MOV AX,data 
      14 0003  8E D8			        	MOV DS,AX 
      15				        	;MOV CX,0010H 
      16 0005  8D 36 0018 R				LEA SI,COUNT 
      17 0009  8B 0C					MOV CX,[SI] 
      18 000B  8D 36 0000 R		        	LEA SI,STR1 
      19 000F  BF 000C R		        	MOV DI,OFFSET STR2 
      20 0012  3B F7			        	CMP SI,DI 
      21 0014  77 12			        	JA LP2 
      22 0016  03 F1			        	ADD SI,CX 
      23 0018  03 F9			        	ADD DI,CX 
      24 001A  4E			        	DEC SI 
      25 001B  4F			        	DEC DI 
      26 001C  8A 04			LP1:    	MOV AL,[SI] 
      27 001E  88 05			        	MOV [DI],AL 
      28 0020  4E			        	DEC SI 
      29 0021  4F			        	DEC DI 
      30 0022  49			        	DEC CX 
      31 0023  75 F7			        	JNE LP1 
      32 0025  EB 0A 90			        	JMP LP3 
      33 0028  8A 04			LP2:    	MOV AL,[SI] 
      34 002A  88 05			        	MOV [DI],AL 
      35 002C  46			        	INC SI 
      36 002D  47			        	INC DI 
      37 002E  49			        	DEC CX 
      38 002F  75 F7			        	JNE LP2 
      39 0031  B4 4C			LP3:    	MOV AH,4CH 
      40 0033  CD 21			        	INT 21H 
      41 0035				            code ends 
      42				END 		START 
Microsoft (R) Macro Assembler Version 5.00                  12/3/18 19:34:11
                                                             Symbols-1


Segments and Groups:

                N a m e         	Length	 Align	Combine Class

CODE . . . . . . . . . . . . . .  	0035	PARA	NONE	
DATA . . . . . . . . . . . . . .  	0019	PARA	NONE	

Symbols:            

                N a m e         	Type	 Value	 Attr

COUNT  . . . . . . . . . . . . .  	L BYTE	0018	DATA

LP1  . . . . . . . . . . . . . .  	L NEAR	001C	CODE
LP2  . . . . . . . . . . . . . .  	L NEAR	0028	CODE
LP3  . . . . . . . . . . . . . .  	L NEAR	0031	CODE

START  . . . . . . . . . . . . .  	L NEAR	0000	CODE
STR1 . . . . . . . . . . . . . .  	L BYTE	0000	DATA
STR2 . . . . . . . . . . . . . .  	L BYTE	000C	DATA

@FILENAME  . . . . . . . . . . .  	TEXT  test		


     40 Source  Lines
     40 Total   Lines
     11 Symbols

  50582 + 465946 Bytes symbol space free

      0 Warning Errors
      0 Severe  Errors
